src/components/common/Button/Button.tsx(1,18): error TS1484: 'HTMLMotionProps' is a type and must be imported using a type-only import when 'verbatimModuleSyntax' is enabled.
src/components/sections/BusinessArea/BusinessArea.tsx(3,27): error TS2307: Cannot find module '../../lib/supabase' or its corresponding type declarations.
src/components/sections/CompanyIntro/CompanyIntro.tsx(3,27): error TS2307: Cannot find module '../../lib/supabase' or its corresponding type declarations.
src/components/sections/Contact/Contact.tsx(4,27): error TS2307: Cannot find module '../../lib/supabase' or its corresponding type declarations.
src/components/sections/Hero/Hero.tsx(4,27): error TS2307: Cannot find module '../../lib/supabase' or its corresponding type declarations.
src/components/sections/PartnersNetwork/PartnersNetwork.tsx(3,27): error TS2307: Cannot find module '../../lib/supabase' or its corresponding type declarations.
src/components/sections/PartnersNetwork/PartnersNetwork.tsx(74,26): error TS2554: Expected 1 arguments, but got 0.
src/components/sections/Strengths/Strengths.tsx(3,27): error TS2307: Cannot find module '../../lib/supabase' or its corresponding type declarations.
